Windows PowerShell
Copyright (C) Microsoft Corporation. All rights reserved.

Try the new cross-platform PowerShell https://aka.ms/pscore6

PS C:\Windows\system32> cd "D:\HTML\Website Kopi Kita"
PS D:\HTML\Website Kopi Kita> git
usage: git [-v | --version] [-h | --help] [-C <path>] [-c <name>=<value>]
           [--exec-path[=<path>]] [--html-path] [--man-path] [--info-path]
           [-p | --paginate | -P | --no-pager] [--no-replace-objects] [--no-lazy-fetch]
           [--no-optional-locks] [--no-advice] [--bare] [--git-dir=<path>]
           [--work-tree=<path>] [--namespace=<name>] [--config-env=<name>=<envvar>]
           <command> [<args>]

These are common Git commands used in various situations:

start a working area (see also: git help tutorial)
   clone      Clone a repository into a new directory
   init       Create an empty Git repository or reinitialize an existing one

work on the current change (see also: git help everyday)
   add        Add file contents to the index
   mv         Move or rename a file, a directory, or a symlink
   restore    Restore working tree files
   rm         Remove files from the working tree and from the index

examine the history and state (see also: git help revisions)
   bisect     Use binary search to find the commit that introduced a bug
   diff       Show changes between commits, commit and working tree, etc
   grep       Print lines matching a pattern
   log        Show commit logs
   show       Show various types of objects
   status     Show the working tree status

grow, mark and tweak your common history
   backfill   Download missing objects in a partial clone
   branch     List, create, or delete branches
   commit     Record changes to the repository
   merge      Join two or more development histories together
   rebase     Reapply commits on top of another base tip
   reset      Reset current HEAD to the specified state
   switch     Switch branches
   tag        Create, list, delete or verify a tag object signed with GPG

collaborate (see also: git help workflows)
   fetch      Download objects and refs from another repository
   pull       Fetch from and integrate with another repository or a local branch
   push       Update remote refs along with associated objects

'git help -a' and 'git help -g' list available subcommands and some
concept guides. See 'git help <command>' or 'git help <concept>'
to read about a specific subcommand or concept.
See 'git help git' for an overview of the system.
PS D:\HTML\Website Kopi Kita> git init
Initialized empty Git repository in D:/HTML/Website Kopi Kita/.git/
PS D:\HTML\Website Kopi Kita> git remote add origin https://github.com/NandaHaes/KopiKita
PS D:\HTML\Website Kopi Kita> git add .
PS D:\HTML\Website Kopi Kita> git status
On branch master

No commits yet

Changes to be committed:
  (use "git rm --cached <file>..." to unstage)
        new file:   Coffe.jpg
        new file:   Coffee-2.jpg
        new file:   Menu/Americano.jpg
        new file:   Menu/Cappucino.jpg
        new file:   Menu/Latte.jpg
        new file:   Menu/Machiato.jpg
        new file:   index.html
        new file:   main.js
        new file:   style.css

PS D:\HTML\Website Kopi Kita> git commit -m 'commit-1'
Author identity unknown

*** Please tell me who you are.

Run

  git config --global user.email "you@example.com"
  git config --global user.name "Your Name"

to set your account's default identity.
Omit --global to set the identity only in this repository.

fatal: unable to auto-detect email address (got 'DELL@DESKTOP-KIGIDKF.(none)')
PS D:\HTML\Website Kopi Kita> git config --global user.email "hijrahnanda433@gmail.com"
PS D:\HTML\Website Kopi Kita> git config --global user.name "NandaHaes"
PS D:\HTML\Website Kopi Kita> git commit -m 'commit-1'
[master (root-commit) 23f01e1] commit-1
 9 files changed, 656 insertions(+)
 create mode 100644 Coffe.jpg
 create mode 100644 Coffee-2.jpg
 create mode 100644 Menu/Americano.jpg
 create mode 100644 Menu/Cappucino.jpg
 create mode 100644 Menu/Latte.jpg
 create mode 100644 Menu/Machiato.jpg
 create mode 100644 index.html
 create mode 100644 main.js
 create mode 100644 style.css
PS D:\HTML\Website Kopi Kita> git status
On branch master
nothing to commit, working tree clean
PS D:\HTML\Website Kopi Kita> git push origin main
error: src refspec main does not match any
error: failed to push some refs to 'https://github.com/NandaHaes/KopiKita'
PS D:\HTML\Website Kopi Kita> git branch -m main
PS D:\HTML\Website Kopi Kita> git push origin main
info: please complete authentication in your browser...
Enumerating objects: 12, done.
Counting objects: 100% (12/12), done.
Delta compression using up to 8 threads
Compressing objects: 100% (12/12), done.
Writing objects: 100% (12/12), 930.25 KiB | 23.85 MiB/s, done.
Total 12 (delta 0), reused 0 (delta 0), pack-reused 0 (from 0)
To https://github.com/NandaHaes/KopiKita
 * [new branch]      main -> main
PS D:\HTML\Website Kopi Kita> git status
On branch main
Changes not staged for commit:
  (use "git add <file>..." to update what will be committed)
  (use "git restore <file>..." to discard changes in working directory)
        modified:   index.html

no changes added to commit (use "git add" and/or "git commit -a")
PS D:\HTML\Website Kopi Kita> git status
On branch main
nothing to commit, working tree clean
PS D:\HTML\Website Kopi Kita> git status
On branch main
Changes not staged for commit:
  (use "git add <file>..." to update what will be committed)
  (use "git restore <file>..." to discard changes in working directory)
        modified:   index.html

no changes added to commit (use "git add" and/or "git commit -a")
PS D:\HTML\Website Kopi Kita> git commit -m
error: switch `m' requires a value
PS D:\HTML\Website Kopi Kita> git commit -m "commit-2"
On branch main
Changes not staged for commit:
  (use "git add <file>..." to update what will be committed)
  (use "git restore <file>..." to discard changes in working directory)
        modified:   index.html

no changes added to commit (use "git add" and/or "git commit -a")
PS D:\HTML\Website Kopi Kita>
PS D:\HTML\Website Kopi Kita> git push origin main
Everything up-to-date
PS D:\HTML\Website Kopi Kita> git add .
PS D:\HTML\Website Kopi Kita> git commit -m "commit-2"
[main 18adf2d] commit-2
 1 file changed, 1 insertion(+), 1 deletion(-)
PS D:\HTML\Website Kopi Kita>  git push origin main
Enumerating objects: 5, done.
Counting objects: 100% (5/5), done.
Delta compression using up to 8 threads
Compressing objects: 100% (3/3), done.
Writing objects: 100% (3/3), 294 bytes | 294.00 KiB/s, done.
Total 3 (delta 2), reused 0 (delta 0), pack-reused 0 (from 0)
remote: Resolving deltas: 100% (2/2), completed with 2 local objects.
To https://github.com/NandaHaes/KopiKita
   23f01e1..18adf2d  main -> main
PS D:\HTML\Website Kopi Kita>